Prerendered 0 static routes.
Application bundle generation failed. [19.819 seconds] - 2026-03-11T02:01:37.681Z

▲ [WARNING] NG8113: SuccessDialogComponent is not used within the template of SecteurManagementComponent [plugin angular-compiler]

    src/app/features/admin/pages/secteur-management/secteur-management.component.ts:31:4:
      31 │     SuccessDialogComponent
         ╵     ~~~~~~~~~~~~~~~~~~~~~~


▲ [WARNING] NG8113: SuccessDialogComponent is not used within the template of InscriptionComponent [plugin angular-compiler]

    src/app/features/donateur/pages/inscription/inscription.component.ts:18:119:
      18 │ ...MatProgressSpinnerModule, MatDialogModule, SuccessDialogComponent]
         ╵                                               ~~~~~~~~~~~~~~~~~~~~~~


▲ [WARNING] NG8113: NotificationBellComponent is not used within the template of OrgLayoutComponent [plugin angular-compiler]

    src/app/features/management/components/org-layout/org-layout.component.ts:26:4:
      26 │     NotificationBellComponent
         ╵     ~~~~~~~~~~~~~~~~~~~~~~~~~


X [ERROR] TS2345: Argument of type 'string | undefined' is not assignable to parameter of type 'string'.
  Type 'undefined' is not assignable to type 'string'. [plugin angular-compiler]

    src/app/features/donateur/pages/inscription/inscription.component.html:188:73:
      188 │ ...    <div *ngFor="let s of secteurs" (click)="toggleSecteur(s.id)"
          ╵                                                                 ~~

  Error occurs in the template of component InscriptionComponent.

    src/app/features/donateur/pages/inscription/inscription.component.ts:15:15:
      15 │   templateUrl: './inscription.component.html',
         ╵                ~~~~~~~~~~~~~~~~~~~~~~~~~~~~~~


X [ERROR] TS2345: Argument of type 'string | undefined' is not assignable to parameter of type 'string'.
  Type 'undefined' is not assignable to type 'string'. [plugin angular-compiler]

    src/app/features/donateur/pages/inscription/inscription.component.html:190:58:
      190 │ ...style.background]="isSecteurSelected(s.id) ? '#f5f3ff' : 'white'"
          ╵                                           ~~

  Error occurs in the template of component InscriptionComponent.

    src/app/features/donateur/pages/inscription/inscription.component.ts:15:15:
      15 │   templateUrl: './inscription.component.html',
         ╵                ~~~~~~~~~~~~~~~~~~~~~~~~~~~~~~


X [ERROR] TS2339: Property 'style' does not exist on type 'EventTarget'. [plugin angular-compiler]

    src/app/features/donateur/pages/inscription/inscription.component.html:191:53:
      191 │ ...enter)="$event.currentTarget.style.background = isSecteurSelec...
          ╵                                 ~~~~~

  Error occurs in the template of component InscriptionComponent.

    src/app/features/donateur/pages/inscription/inscription.component.ts:15:15:
      15 │   templateUrl: './inscription.component.html',
         ╵                ~~~~~~~~~~~~~~~~~~~~~~~~~~~~~~


X [ERROR] TS2531: Object is possibly 'null'. [plugin angular-compiler]

    src/app/features/donateur/pages/inscription/inscription.component.html:191:53:
      191 │ ...enter)="$event.currentTarget.style.background = isSecteurSelec...
          ╵                                 ~~~~~

  Error occurs in the template of component InscriptionComponent.

    src/app/features/donateur/pages/inscription/inscription.component.ts:15:15:
      15 │   templateUrl: './inscription.component.html',
         ╵                ~~~~~~~~~~~~~~~~~~~~~~~~~~~~~~


X [ERROR] TS2345: Argument of type 'string | undefined' is not assignable to parameter of type 'string'.
  Type 'undefined' is not assignable to type 'string'. [plugin angular-compiler]

    src/app/features/donateur/pages/inscription/inscription.component.html:191:92:
      191 │ ...yle.background = isSecteurSelected(s.id) ? '#ede9fe' : '#f8fafc'"
          ╵                                         ~~

  Error occurs in the template of component InscriptionComponent.

    src/app/features/donateur/pages/inscription/inscription.component.ts:15:15:
      15 │   templateUrl: './inscription.component.html',
         ╵                ~~~~~~~~~~~~~~~~~~~~~~~~~~~~~~


X [ERROR] TS2339: Property 'style' does not exist on type 'EventTarget'. [plugin angular-compiler]

    src/app/features/donateur/pages/inscription/inscription.component.html:192:53:
      192 │ ...leave)="$event.currentTarget.style.background = isSecteurSelec...
          ╵                                 ~~~~~

  Error occurs in the template of component InscriptionComponent.

    src/app/features/donateur/pages/inscription/inscription.component.ts:15:15:
      15 │   templateUrl: './inscription.component.html',
         ╵                ~~~~~~~~~~~~~~~~~~~~~~~~~~~~~~


X [ERROR] TS2531: Object is possibly 'null'. [plugin angular-compiler]

    src/app/features/donateur/pages/inscription/inscription.component.html:192:53:
      192 │ ...leave)="$event.currentTarget.style.background = isSecteurSelec...
          ╵                                 ~~~~~

  Error occurs in the template of component InscriptionComponent.

    src/app/features/donateur/pages/inscription/inscription.component.ts:15:15:
      15 │   templateUrl: './inscription.component.html',
         ╵                ~~~~~~~~~~~~~~~~~~~~~~~~~~~~~~


X [ERROR] TS2345: Argument of type 'string | undefined' is not assignable to parameter of type 'string'.
  Type 'undefined' is not assignable to type 'string'. [plugin angular-compiler]

    src/app/features/donateur/pages/inscription/inscription.component.html:192:92:
      192 │ ...tyle.background = isSecteurSelected(s.id) ? '#f5f3ff' : 'white'">
          ╵                                          ~~

  Error occurs in the template of component InscriptionComponent.

    src/app/features/donateur/pages/inscription/inscription.component.ts:15:15:
      15 │   templateUrl: './inscription.component.html',
         ╵                ~~~~~~~~~~~~~~~~~~~~~~~~~~~~~~


X [ERROR] TS2345: Argument of type 'string | undefined' is not assignable to parameter of type 'string'.
  Type 'undefined' is not assignable to type 'string'. [plugin angular-compiler]

    src/app/features/donateur/pages/inscription/inscription.component.html:194:61:
      194 │ ...le.borderColor]="isSecteurSelected(s.id) ? '#6366f1' : '#cbd5e1'"
          ╵                                         ~~

  Error occurs in the template of component InscriptionComponent.

    src/app/features/donateur/pages/inscription/inscription.component.ts:15:15:
      15 │   templateUrl: './inscription.component.html',
         ╵                ~~~~~~~~~~~~~~~~~~~~~~~~~~~~~~


X [ERROR] TS2345: Argument of type 'string | undefined' is not assignable to parameter of type 'string'.
  Type 'undefined' is not assignable to type 'string'. [plugin angular-compiler]

    src/app/features/donateur/pages/inscription/inscription.component.html:195:60:
      195 │ ...style.background]="isSecteurSelected(s.id) ? '#6366f1' : 'white'"
          ╵                                           ~~

  Error occurs in the template of component InscriptionComponent.

    src/app/features/donateur/pages/inscription/inscription.component.ts:15:15:
      15 │   templateUrl: './inscription.component.html',
         ╵                ~~~~~~~~~~~~~~~~~~~~~~~~~~~~~~


X [ERROR] TS2345: Argument of type 'string | undefined' is not assignable to parameter of type 'string'.
  Type 'undefined' is not assignable to type 'string'. [plugin angular-compiler]

    src/app/features/donateur/pages/inscription/inscription.component.html:197:57:
      197 │                     <mat-icon *ngIf="isSecteurSelected(s.id)"
          ╵                                                          ~~

  Error occurs in the template of component InscriptionComponent.

    src/app/features/donateur/pages/inscription/inscription.component.ts:15:15:
      15 │   templateUrl: './inscription.component.html',
         ╵                ~~~~~~~~~~~~~~~~~~~~~~~~~~~~~~


X [ERROR] TS2345: Argument of type 'string | undefined' is not assignable to parameter of type 'string'.
  Type 'undefined' is not assignable to type 'string'. [plugin angular-compiler]

    src/app/features/donateur/pages/inscription/inscription.component.html:201:52:
      201 │ ...n *ngIf="!isSecteurSelected(s.id) && selectedSecteurIds.length...
          ╵                                  ~~

  Error occurs in the template of component InscriptionComponent.

    src/app/features/donateur/pages/inscription/inscription.component.ts:15:15:
      15 │   templateUrl: './inscription.component.html',
         ╵                ~~~~~~~~~~~~~~~~~~~~~~~~~~~~~~


