[33mΓ¥»[39m Building...
[32mΓ£ö[39m Building...
[35mPrerendered 0 static routes.[39m
Application bundle generation failed. [20.189 seconds] - 2026-03-11T01:59:17.168Z

node.exe : 
[1m[33m[33mΓû▓ [43
;33m[[43;30mWARNING[
43;33m][0m 
[1mNG8113: SuccessDia
logComponent is not 
used within the 
template of SecteurMan
agementComponent[0m 
[1m[35m[plugin 
angular-compiler][0m
At C:\Program Files\no
dejs\npx.ps1:29 char:3
+   & $NODE_EXE 
$NPX_CLI_JS $args
+   ~~~~~~~~~~~~~~~~~~
~~~~~~~~~~~
    + CategoryInfo    
          : NotSpeci  
  fied: ([1m[33m   
 [33mΓ...r-compile    
r][0m:String) []    
, RemoteException
    + FullyQualifiedE 
   rrorId : NativeCo  
  mmandError
 

    src/app/features/a
dmin/pages/secteur-man
agement/secteur-manage
ment.component.ts:31:4
:
[37m      31 Γöé     
[32mSuccessDialogComp
onent[37m
         Γò╡     [32m
~~~~~~~~~~~~~~~~~~~~~~
[0m


[33mΓû▓ [43;33m[[43
;30mWARNING[43;33m][
0m [1mNG8113: Success
DialogComponent is 
not used within the 
template of Inscriptio
nComponent[0m 
[1m[35m[plugin 
angular-compiler][0m

    src/app/features/d
onateur/pages/inscript
ion/inscription.compon
ent.ts:18:119:
[37m      18 Γöé ...M
atProgressSpinnerModul
e, MatDialogModule, [
32mSuccessDialogCompon
ent[37m]
         Γò╡          
                      
               [32m~~
~~~~~~~~~~~~~~~~~~~~[
0m


[33mΓû▓ [43;33m[[43
;30mWARNING[43;33m][
0m [1mNG8113: Notific
ationBellComponent is 
not used within the 
template of OrgLayoutC
omponent[0m 
[1m[35m[plugin 
angular-compiler][0m

    src/app/features/m
anagement/components/o
rg-layout/org-layout.c
omponent.ts:26:4:
[37m      26 Γöé     
[32mNotificationBellC
omponent[37m
         Γò╡     [32m
~~~~~~~~~~~~~~~~~~~~~~
~~~[0m

[39m[22m
[1m[31m[31mX [41;3
1m[[41;97mERROR[41;3
1m][0m [1mTS2345: 
Argument of type 
'string | undefined' 
is not assignable to 
parameter of type 
'string'.
  Type 'undefined' is 
not assignable to 
type 'string'.[0m 
[1m[35m[plugin 
angular-compiler][0m

    src/app/features/d
onateur/pages/inscript
ion/inscription.compon
ent.html:188:73:
[37m      188 Γöé 
...    <div 
*ngFor="let s of 
secteurs" (click)="tog
gleSecteur(s.[32mid[
37m)"
          Γò╡         
                      
                      
            
[32m~~[0m

  Error occurs in the 
template of component 
InscriptionComponent.

    src/app/features/d
onateur/pages/inscript
ion/inscription.compon
ent.ts:15:15:
[37m      15 Γöé   
templateUrl: [32m'./i
nscription.component.h
tml'[37m,
         Γò╡          
      [32m~~~~~~~~~~~
~~~~~~~~~~~~~~~~~~~[0
m


[31mX [41;31m[[41;9
7mERROR[41;31m][0m 
[1mTS2345: Argument 
of type 'string | 
undefined' is not 
assignable to 
parameter of type 
'string'.
  Type 'undefined' is 
not assignable to 
type 'string'.[0m 
[1m[35m[plugin 
angular-compiler][0m

    src/app/features/d
onateur/pages/inscript
ion/inscription.compon
ent.html:190:58:
[37m      190 Γöé ...
style.background]="isS
ecteurSelected(s.[32m
id[37m) ? '#f5f3ff' 
: 'white'"
          Γò╡         
                      
            
[32m~~[0m

  Error occurs in the 
template of component 
InscriptionComponent.

    src/app/features/d
onateur/pages/inscript
ion/inscription.compon
ent.ts:15:15:
[37m      15 Γöé   
templateUrl: [32m'./i
nscription.component.h
tml'[37m,
         Γò╡          
      [32m~~~~~~~~~~~
~~~~~~~~~~~~~~~~~~~[0
m


[31mX [41;31m[[41;9
7mERROR[41;31m][0m 
[1mTS2339: Property 
'style' does not 
exist on type 
'EventTarget'.[0m 
[1m[35m[plugin 
angular-compiler][0m

    src/app/features/d
onateur/pages/inscript
ion/inscription.compon
ent.html:191:53:
[37m      191 Γöé ...
enter)="$event.current
Target.[32mstyle[37m
.background = 
isSecteurSelec...
          Γò╡         
                      
  [32m~~~~~[0m

  Error occurs in the 
template of component 
InscriptionComponent.

    src/app/features/d
onateur/pages/inscript
ion/inscription.compon
ent.ts:15:15:
[37m      15 Γöé   
templateUrl: [32m'./i
nscription.component.h
tml'[37m,
         Γò╡          
      [32m~~~~~~~~~~~
~~~~~~~~~~~~~~~~~~~[0
m


[31mX [41;31m[[41;9
7mERROR[41;31m][0m 
[1mTS2531: Object is 
possibly 'null'.[0m 
[1m[35m[plugin 
angular-compiler][0m

    src/app/features/d
onateur/pages/inscript
ion/inscription.compon
ent.html:191:53:
[37m      191 Γöé ...
enter)="$event.current
Target.[32mstyle[37m
.background = 
isSecteurSelec...
          Γò╡         
                      
  [32m~~~~~[0m

  Error occurs in the 
template of component 
InscriptionComponent.

    src/app/features/d
onateur/pages/inscript
ion/inscription.compon
ent.ts:15:15:
[37m      15 Γöé   
templateUrl: [32m'./i
nscription.component.h
tml'[37m,
         Γò╡          
      [32m~~~~~~~~~~~
~~~~~~~~~~~~~~~~~~~[0
m


[31mX [41;31m[[41;9
7mERROR[41;31m][0m 
[1mTS2345: Argument 
of type 'string | 
undefined' is not 
assignable to 
parameter of type 
'string'.
  Type 'undefined' is 
not assignable to 
type 'string'.[0m 
[1m[35m[plugin 
angular-compiler][0m

    src/app/features/d
onateur/pages/inscript
ion/inscription.compon
ent.html:191:92:
[37m      191 Γöé 
...yle.background = is
SecteurSelected(s.[32
mid[37m) ? '#ede9fe' 
: '#f8fafc'"
          Γò╡         
                      
          [32m~~[0m

  Error occurs in the 
template of component 
InscriptionComponent.

    src/app/features/d
onateur/pages/inscript
ion/inscription.compon
ent.ts:15:15:
[37m      15 Γöé   
templateUrl: [32m'./i
nscription.component.h
tml'[37m,
         Γò╡          
      [32m~~~~~~~~~~~
~~~~~~~~~~~~~~~~~~~[0
m


[31mX [41;31m[[41;9
7mERROR[41;31m][0m 
[1mTS2339: Property 
'style' does not 
exist on type 
'EventTarget'.[0m 
[1m[35m[plugin 
angular-compiler][0m

    src/app/features/d
onateur/pages/inscript
ion/inscription.compon
ent.html:192:53:
[37m      192 Γöé ...
leave)="$event.current
Target.[32mstyle[37m
.background = 
isSecteurSelec...
          Γò╡         
                      
  [32m~~~~~[0m

  Error occurs in the 
template of component 
InscriptionComponent.

    src/app/features/d
onateur/pages/inscript
ion/inscription.compon
ent.ts:15:15:
[37m      15 Γöé   
templateUrl: [32m'./i
nscription.component.h
tml'[37m,
         Γò╡          
      [32m~~~~~~~~~~~
~~~~~~~~~~~~~~~~~~~[0
m


[31mX [41;31m[[41;9
7mERROR[41;31m][0m 
[1mTS2531: Object is 
possibly 'null'.[0m 
[1m[35m[plugin 
angular-compiler][0m

    src/app/features/d
onateur/pages/inscript
ion/inscription.compon
ent.html:192:53:
[37m      192 Γöé ...
leave)="$event.current
Target.[32mstyle[37m
.background = 
isSecteurSelec...
          Γò╡         
                      
  [32m~~~~~[0m

  Error occurs in the 
template of component 
InscriptionComponent.

    src/app/features/d
onateur/pages/inscript
ion/inscription.compon
ent.ts:15:15:
[37m      15 Γöé   
templateUrl: [32m'./i
nscription.component.h
tml'[37m,
         Γò╡          
      [32m~~~~~~~~~~~
~~~~~~~~~~~~~~~~~~~[0
m


[31mX [41;31m[[41;9
7mERROR[41;31m][0m 
[1mTS2345: Argument 
of type 'string | 
undefined' is not 
assignable to 
parameter of type 
'string'.
  Type 'undefined' is 
not assignable to 
type 'string'.[0m 
[1m[35m[plugin 
angular-compiler][0m

    src/app/features/d
onateur/pages/inscript
ion/inscription.compon
ent.html:192:92:
[37m      192 Γöé 
...tyle.background = i
sSecteurSelected(s.[3
2mid[37m) ? 
'#f5f3ff' : 'white'">
          Γò╡         
                      
           [32m~~[0m

  Error occurs in the 
template of component 
InscriptionComponent.

    src/app/features/d
onateur/pages/inscript
ion/inscription.compon
ent.ts:15:15:
[37m      15 Γöé   
templateUrl: [32m'./i
nscription.component.h
tml'[37m,
         Γò╡          
      [32m~~~~~~~~~~~
~~~~~~~~~~~~~~~~~~~[0
m


[31mX [41;31m[[41;9
7mERROR[41;31m][0m 
[1mTS2345: Argument 
of type 'string | 
undefined' is not 
assignable to 
parameter of type 
'string'.
  Type 'undefined' is 
not assignable to 
type 'string'.[0m 
[1m[35m[plugin 
angular-compiler][0m

    src/app/features/d
onateur/pages/inscript
ion/inscription.compon
ent.html:194:61:
[37m      194 Γöé ...
le.borderColor]="isSec
teurSelected(s.[32mid
[37m) ? '#6366f1' : 
'#cbd5e1'"
          Γò╡         
                      
          [32m~~[0m

  Error occurs in the 
template of component 
InscriptionComponent.

    src/app/features/d
onateur/pages/inscript
ion/inscription.compon
ent.ts:15:15:
[37m      15 Γöé   
templateUrl: [32m'./i
nscription.component.h
tml'[37m,
         Γò╡          
      [32m~~~~~~~~~~~
~~~~~~~~~~~~~~~~~~~[0
m


[31mX [41;31m[[41;9
7mERROR[41;31m][0m 
[1mTS2345: Argument 
of type 'string | 
undefined' is not 
assignable to 
parameter of type 
'string'.
  Type 'undefined' is 
not assignable to 
type 'string'.[0m 
[1m[35m[plugin 
angular-compiler][0m

    src/app/features/d
onateur/pages/inscript
ion/inscription.compon
ent.html:195:60:
[37m      195 Γöé ...
style.background]="isS
ecteurSelected(s.[32m
id[37m) ? '#6366f1' 
: 'white'"
          Γò╡         
                      
            
[32m~~[0m

  Error occurs in the 
template of component 
InscriptionComponent.

    src/app/features/d
onateur/pages/inscript
ion/inscription.compon
ent.ts:15:15:
[37m      15 Γöé   
templateUrl: [32m'./i
nscription.component.h
tml'[37m,
         Γò╡          
      [32m~~~~~~~~~~~
~~~~~~~~~~~~~~~~~~~[0
m


[31mX [41;31m[[41;9
7mERROR[41;31m][0m 
[1mTS2345: Argument 
of type 'string | 
undefined' is not 
assignable to 
parameter of type 
'string'.
  Type 'undefined' is 
not assignable to 
type 'string'.[0m 
[1m[35m[plugin 
angular-compiler][0m

    src/app/features/d
onateur/pages/inscript
ion/inscription.compon
ent.html:197:57:
[37m      197 Γöé    
                 
<mat-icon *ngIf="isSec
teurSelected(s.[32mid
[37m)"
          Γò╡         
                      
                      
     [32m~~[0m

  Error occurs in the 
template of component 
InscriptionComponent.

    src/app/features/d
onateur/pages/inscript
ion/inscription.compon
ent.ts:15:15:
[37m      15 Γöé   
templateUrl: [32m'./i
nscription.component.h
tml'[37m,
         Γò╡          
      [32m~~~~~~~~~~~
~~~~~~~~~~~~~~~~~~~[0
m


[31mX [41;31m[[41;9
7mERROR[41;31m][0m 
[1mTS2345: Argument 
of type 'string | 
undefined' is not 
assignable to 
parameter of type 
'string'.
  Type 'undefined' is 
not assignable to 
type 'string'.[0m 
[1m[35m[plugin 
angular-compiler][0m

    src/app/features/d
onateur/pages/inscript
ion/inscription.compon
ent.html:201:52:
[37m      201 Γöé 
...n *ngIf="!isSecteur
Selected(s.[32mid[37
m) && selectedSecteurI
ds.length...
          Γò╡         
                      
   [32m~~[0m

  Error occurs in the 
template of component 
InscriptionComponent.

    src/app/features/d
onateur/pages/inscript
ion/inscription.compon
ent.ts:15:15:
[37m      15 Γöé   
templateUrl: [32m'./i
nscription.component.h
tml'[37m,
         Γò╡          
      [32m~~~~~~~~~~~
~~~~~~~~~~~~~~~~~~~[0
m

[39m[22m
